Windows PowerShell
Copyright (C) Microsoft Corporation. All rights reserved.

PS C:\Users\Acer\Desktop\E-CommApp\ECommApp_7AM> git status
On branch master
Your branch is up to date with 'origin/master'.

Changes not staged for commit:
  (use "git add <file>..." to update what will be committed)
  (use "git checkout -- <file>..." to discard changes in working directory)

        modified:   register.html
Untracked files:
  (use "git add <file>..." to include in what will be committed)


no changes added to commit (use "git add" and/or "git commit -a")
PS C:\Users\Acer\Desktop\E-CommApp\ECommApp_7AM> git add .
PS C:\Users\Acer\Desktop\E-CommApp\ECommApp_7AM> git status
On branch master
Your branch is up to date with 'origin/master'.

Changes to be committed:
  (use "git reset HEAD <file>..." to unstage)
        new file:   Important git commands.txt
        modified:   register.html

PS C:\Users\Acer\Desktop\E-CommApp\ECommApp_7AM> git commit -m "added register.html"
[master fe80c33] added register.html
 2 files changed, 92 insertions(+)
 create mode 100644 Important git commands.txt
Counting objects: 100% (6/6), done.
Delta compression using up to 4 threads
Compressing objects: 100% (4/4), done.
Writing objects: 100% (4/4), 1.23 KiB | 179.00 KiB/s, done.
Total 4 (delta 1), reused 0 (delta 0)
remote: Resolving deltas: 100% (1/1), completed with 1 local object.
To https://github.com/PiyushC1/ECommApp_7AM.git
   437860b..fe80c33  master -> master
On branch master
Your branch is up to date with 'origin/master'.
Changes not staged for commit:
        modified:   register.html

no changes added to commit
PS C:\Users\Acer\Desktop\E-CommApp\ECommApp_7AM> git add .
PS C:\Users\Acer\Desktop\E-CommApp\ECommApp_7AM> git status
On branch master
Your branch is up to date with 'origin/master'.

Changes to be committed:
  (use "git reset HEAD <file>..." to unstage)

        modified:   register.html

PS C:\Users\Acer\Desktop\E-CommApp\ECommApp_7AM> git commit -m "modified register.html"
[master e10dc05] modified register.html
 1 file changed, 1 insertion(+)
PS C:\Users\Acer\Desktop\E-CommApp\ECommApp_7AM> git push origin master
Enumerating objects: 5, done.
Counting objects: 100% (5/5), done.
Delta compression using up to 4 threads
Compressing objects: 100% (3/3), done.
Writing objects: 100% (3/3), 308 bytes | 102.00 KiB/s, done.
Total 3 (delta 2), reused 0 (delta 0)
remote: Resolving deltas: 100% (2/2), completed with 2 local objects.
To https://github.com/PiyushC1/ECommApp_7AM.git
   fe80c33..e10dc05  master -> master
PS C:\Users\Acer\Desktop\E-CommApp\ECommApp_7AM>